#-----------------------------------------------------------
# Vivado v2019.2 (64-bit)
# SW Build 2708876 on Wed Nov  6 21:40:23 MST 2019
# IP Build 2700528 on Thu Nov  7 00:09:20 MST 2019
# Start of session at: Sun Aug  2 13:01:50 2026
# Process ID: 14380
# Current directory: C:/PYNQ_Z2/Half_adder/ip_repo
# Command line: vivado.exe -gui_launcher_event rodinguilauncherevent15368 C:\PYNQ_Z2\Half_adder\ip_repo\edit_myip_v1_0.xpr
# Log file: C:/PYNQ_Z2/Half_adder/ip_repo/vivado.log
# Journal file: C:/PYNQ_Z2/Half_adder/ip_repo\vivado.jou
#-----------------------------------------------------------
start_gui
open_project C:/PYNQ_Z2/Half_adder/ip_repo/edit_myip_v1_0.xpr
WARNING: [filemgmt 56-99] Vivado Synthesis ignores library specification for Verilog or SystemVerilog files. [C:/PYNQ_Z2/Half_adder/ip_repo/myip_1.0/hdl/myip_v1_0_S00_AXI.v:]
WARNING: [filemgmt 56-99] Vivado Synthesis ignores library specification for Verilog or SystemVerilog files. [C:/PYNQ_Z2/Half_adder/ip_repo/myip_1.0/hdl/myip_v1_0.v:]
Scanning sources...
Finished scanning sources
INFO: [IP_Flow 19-234] Refreshing IP repositories
INFO: [IP_Flow 19-1700] Loaded user IP repository 'c:/PYNQ_Z2/Half_adder/ip_repo/myip_1.0'.
INFO: [IP_Flow 19-2313] Loaded Vivado IP repository 'C:/Vivado_Installer/Vivado/2019.2/data/ip'.
open_project: Time (s): cpu = 00:00:13 ; elapsed = 00:00:08 . Memory (MB): peak = 886.125 ; gain = 229.594
update_compile_order -fileset sources_1
exit
INFO: [Common 17-206] Exiting Vivado at Sun Aug  2 16:44:49 2026...
